============================================================
1. 数据加载与探索
============================================================

数据集形状: (60000, 13)

前 5 行:
      Id district subdistrict  ... orientation build_year  house_price
0  35768    嘉定二手房          丰庄  ...         朝南北     2006.0        538.0
1  61105    浦东二手房          金桥  ...         朝南北     2005.0        695.0
2  62973    浦东二手房        临港新城  ...          朝南     2009.0        430.0
3  62361    浦东二手房          三林  ...          朝南     2000.0        630.0
4  66683    浦东二手房         陆家嘴  ...          朝南     2002.0        920.0

[5 rows x 13 columns]

字段信息:
<class 'pandas.core.frame.DataFrame'>
RangeIndex: 60000 entries, 0 to 59999
Data columns (total 13 columns):
 #   Column        Non-Null Count  Dtype  
---  ------        --------------  -----  
 0   Id            60000 non-null  int64  
 1   district      60000 non-null  object 
 2   subdistrict   60000 non-null  object 
 3   community     60000 non-null  object 
 4   title         59998 non-null  object 
 5   bedrooms      60000 non-null  int64  
 6   livingrooms   60000 non-null  int64  
 7   area_sqm      60000 non-null  float64
 8   floor_region  57860 non-null  object 
 9   total_floor   60000 non-null  int64  
 10  orientation   53570 non-null  object 
 11  build_year    57691 non-null  float64
 12  house_price   60000 non-null  float64
dtypes: float64(3), int64(4), object(6)
memory usage: 6.0+ MB
None

基本统计量:
                 Id      bedrooms  ...    build_year   house_price
count  60000.000000  60000.000000  ...  57691.000000  60000.000000
mean   36674.071300      2.261567  ...   1999.258654    557.124350
std    21183.850017      0.951629  ...      9.830440    572.439273
min        0.000000      1.000000  ...   1911.000000     48.000000
25%    18259.750000      2.000000  ...   1994.000000    290.000000
50%    36746.500000      2.000000  ...   2000.000000    400.000000
75%    55043.250000      3.000000  ...   2006.000000    630.000000
max    73315.000000      9.000000  ...   2017.000000  35000.000000

[8 rows x 7 columns]

缺失值统计:
Id                 0
district           0
subdistrict        0
community          0
title              2
bedrooms           0
livingrooms        0
area_sqm           0
floor_region    2140
total_floor        0
orientation     6430
build_year      2309
house_price        0
dtype: int64

[已保存] eda_target_distribution.png

district 前 10 类:
district
浦东二手房    14488
闵行二手房     6828
宝山二手房     6571
普陀二手房     4085
杨浦二手房     3862
徐汇二手房     3678
松江二手房     3262
嘉定二手房     3223
虹口二手房     2292
青浦二手房     2165
Name: count, dtype: int64

floor_region 前 10 类:
floor_region
高区    22725
中区    18418
低区    16717
Name: count, dtype: int64

orientation 前 10 类:
orientation
朝南        25598
朝南北       22263
朝东南         969
朝西南         931
(进门)南       900
(进门)南北      552
朝东          502
朝北          483
朝西          327
(进门)北       253
Name: count, dtype: int64

[已保存] eda_correlation.png

district 样例 (清洗前): ['嘉定二手房' '浦东二手房' '徐汇二手房' '黄浦二手房' '普陀二手房' '奉贤二手房' '杨浦二手房' '青浦二手房' '闸北二手房'
 '闵行二手房']

============================================================
2. 数据清洗
============================================================
  district 样例 (清洗后): ['嘉定' '浦东' '徐汇' '黄浦' '普陀' '奉贤' '杨浦' '青浦' '闸北' '闵行']
  删除 4 条可疑记录 (bedrooms==1 & area_sqm>200)
  area_sqm winsorization [29.7, 452.4]: 裁剪 597 条
  清洗后数据集形状: (59996, 13)

============================================================
1b. PPS (price_per_sqm) 分布分析
============================================================
  PPS 偏度 (原始): 2.01
  PPS 偏度 (裁剪+log): -0.20
  PPS 裁剪范围: [1.88, 13.69] 万元/平米
[已保存] eda_pps_distribution.png
  house_price 偏度: 10.97
  PPS 偏度 (原始): 2.01
  log(PPS) 偏度: -0.20
  改善幅度: 10.77

============================================================
3. 特征工程
============================================================
  特征矩阵形状: (59996, 63)
  特征数量: 63

============================================================
4. 模型训练与选择 (目标: log(PPS), 评估: house_price, 无泄露编码)
============================================================
  PPS 裁剪范围: [1.88, 13.69] 万元/平米
  log(PPS) 偏度: -0.20
  Ridge(alpha=1.0)+PPS                     | RMSE:   217.81 | MAE:    74.93 | R2: 0.8476
  Ridge(alpha=10.0)+PPS                    | RMSE:   218.16 | MAE:    74.96 | R2: 0.8471
  ElasticNet(l1=0.5)+PPS                   | RMSE:   239.02 | MAE:    80.92 | R2: 0.8164
  RF(n=300,d=18)+PPS                       | RMSE:   181.31 | MAE:    52.52 | R2: 0.8944
  RF(n=500,d=20)+PPS                       | RMSE:   181.00 | MAE:    51.72 | R2: 0.8947
  RF(n=400,d=18)+PPS                       | RMSE:   181.43 | MAE:    52.51 | R2: 0.8942
  GBR(lr=0.1,n=200)+PPS                    | RMSE:   187.23 | MAE:    61.32 | R2: 0.8874
  GBR(lr=0.05,n=500)+PPS                   | RMSE:   180.26 | MAE:    59.97 | R2: 0.8956
  HistGBR(default)+PPS                     | RMSE:   195.36 | MAE:    63.33 | R2: 0.8774
  XGB(lr=0.05,n=1000,md=6)+PPS             | RMSE:   175.28 | MAE:    54.37 | R2: 0.9013
  XGB(lr=0.03,n=1500,md=5)+PPS             | RMSE:   177.59 | MAE:    57.06 | R2: 0.8987
  XGB(lr=0.1,n=500,md=7)+PPS               | RMSE:   173.55 | MAE:    52.74 | R2: 0.9032

============================================================
最优模型: XGB(lr=0.1,n=500,md=7)+PPS
  RMSE: 173.55
  MAE : 52.74
  R2  : 0.9032

Top-3 模型:
  1. XGB(lr=0.1,n=500,md=7)+PPS               | RMSE:   173.55 | MAE:    52.74 | R2: 0.9032
  2. XGB(lr=0.05,n=1000,md=6)+PPS             | RMSE:   175.28 | MAE:    54.37 | R2: 0.9013
  3. XGB(lr=0.03,n=1500,md=5)+PPS             | RMSE:   177.59 | MAE:    57.06 | R2: 0.8987

============================================================
5b. Stacking 集成 (RF + XGBoost + GBR → Ridge)
============================================================
  PPS 裁剪范围: [1.88, 13.69]
  Fold 1: OOF 预测完成
  Fold 2: OOF 预测完成
  Fold 3: OOF 预测完成
  Fold 4: OOF 预测完成
  Fold 5: OOF 预测完成

  Stacking OOF 评估 (训练集 OOF):
    RMSE: 245.67
    MAE : 50.93
    R2  : 0.8158

  Base Model OOF 表现:
    rf    OOF RMSE: 247.39
    gbr   OOF RMSE: 247.08
    xgb   OOF RMSE: 245.01

============================================================
5. 交叉验证 (log(PPS) + house_price 评估, 内置无泄露编码)
============================================================
  PPS 裁剪范围: [1.88, 13.69]
  Fold 1: RMSE=176.33, MAE=52.90, R2=0.9001
  Fold 2: RMSE=198.27, MAE=51.88, R2=0.8678
  Fold 3: RMSE=290.36, MAE=52.82, R2=0.7496
  Fold 4: RMSE=330.00, MAE=55.16, R2=0.7279
  Fold 5: RMSE=184.20, MAE=52.79, R2=0.8839

  5-Fold CV 平均:
    RMSE: 235.83 ± 62.38
    MAE : 53.11 ± 1.09
    R2  : 0.8259 ± 0.0722

  Stacking OOF RMSE: 245.67 vs CV RMSE: 235.83
  -> 选择单模型 XGB(lr=0.1,n=500,md=7)+PPS 作为最终模型

============================================================
6. 特征重要性分析
============================================================

特征重要性排名:
  1. subdistrict_target: 0.4060
  2. floor_未知: 0.0863
  3. is_villa: 0.0762
  4. district_target: 0.0741
  5. by_district_interact: 0.0274
  6. by_1990_2000: 0.0186
  7. is_old_building: 0.0177
  8. build_year: 0.0159
  9. house_age: 0.0149
  10. subdistrict_freq: 0.0136
  11. total_floor: 0.0129
  12. has_traffic: 0.0128
  13. floor_bucket_high: 0.0116
  14. floor_bucket_mid: 0.0116
  15. log_total_rooms: 0.0108
  16. has_subway: 0.0107
  17. has_simple: 0.0104
  18. floor_bucket_low: 0.0096
  19. floor_低区: 0.0083
  20. by_2010plus: 0.0081

[已保存] feature_importance.png

============================================================
7. 全量训练并保存模型 (目标: log(PPS))
============================================================
  使用 log(PPS) 目标训练, 裁剪范围: [1.88, 13.69]
  模型已保存至: model.pkl
  加载验证 - 前 5 条预测总价: [565.4 707.8 378.1 695.8 962.9]
  加载验证 - 前 5 条实际总价: [538. 695. 430. 630. 920.]

============================================================
训练完成！
  模型已保存至: model.pkl
  5-Fold CV RMSE (最佳单模型): 235.83
============================================================

【后续步骤】
  1. 将 model.pkl/model_stacking.pkl 和 predict.py 一起打包为 zip
  2. 在 Codabench 提交 zip 文件
  3. 平台会自动运行: python3 predict.py --train train.csv --test test.csv --output predictions.csv
